?   	github.com/jfxdev/gardarr	[no test files]
?   	github.com/jfxdev/gardarr/cmd	[no test files]
?   	github.com/jfxdev/gardarr/cmd/generate	[no test files]
?   	github.com/jfxdev/gardarr/cmd/generate/key	[no test files]
ok  	github.com/jfxdev/gardarr/cmd/service	(cached)
?   	github.com/jfxdev/gardarr/cmd/worker	[no test files]
?   	github.com/jfxdev/gardarr/internal/constants	[no test files]
?   	github.com/jfxdev/gardarr/internal/entities	[no test files]
ok  	github.com/jfxdev/gardarr/internal/infra/database	(cached)
ok  	github.com/jfxdev/gardarr/internal/infra/database/migrations	(cached)
?   	github.com/jfxdev/gardarr/internal/infra/migration	[no test files]
?   	github.com/jfxdev/gardarr/internal/interfaces	[no test files]
?   	github.com/jfxdev/gardarr/internal/mappers	[no test files]
ok  	github.com/jfxdev/gardarr/internal/middlewares	(cached)
?   	github.com/jfxdev/gardarr/internal/models	[no test files]
ok  	github.com/jfxdev/gardarr/internal/repository/category	(cached)
?   	github.com/jfxdev/gardarr/internal/repository/event	[no test files]
ok  	github.com/jfxdev/gardarr/internal/repository/event_filter	(cached)
?   	github.com/jfxdev/gardarr/internal/repository/instance/worker	[no test files]
ok  	github.com/jfxdev/gardarr/internal/repository/password_reset	(cached)
?   	github.com/jfxdev/gardarr/internal/repository/session	[no test files]
?   	github.com/jfxdev/gardarr/internal/repository/settings	[no test files]
ok  	github.com/jfxdev/gardarr/internal/repository/signup_token	(cached)
?   	github.com/jfxdev/gardarr/internal/repository/task/worker	[no test files]
?   	github.com/jfxdev/gardarr/internal/repository/task_metadata	[no test files]
ok  	github.com/jfxdev/gardarr/internal/repository/user	(cached)
ok  	github.com/jfxdev/gardarr/internal/repository/webhook	(cached)
?   	github.com/jfxdev/gardarr/internal/repository/webhook_history	[no test files]
ok  	github.com/jfxdev/gardarr/internal/repository/worker	(cached)
?   	github.com/jfxdev/gardarr/internal/routes/api/v1	[no test files]
?   	github.com/jfxdev/gardarr/internal/routes/api/v1/auth	[no test files]
ok  	github.com/jfxdev/gardarr/internal/routes/api/v1/category	(cached)
?   	github.com/jfxdev/gardarr/internal/routes/api/v1/events	[no test files]
?   	github.com/jfxdev/gardarr/internal/routes/api/v1/health	[no test files]
?   	github.com/jfxdev/gardarr/internal/routes/api/v1/integrations	[no test files]
?   	github.com/jfxdev/gardarr/internal/routes/api/v1/profile	[no test files]
?   	github.com/jfxdev/gardarr/internal/routes/api/v1/settings	[no test files]
ok  	github.com/jfxdev/gardarr/internal/routes/api/v1/setup	(cached)
ok  	github.com/jfxdev/gardarr/internal/routes/api/v1/signup	(cached)
?   	github.com/jfxdev/gardarr/internal/routes/api/v1/task_metadata	[no test files]
ok  	github.com/jfxdev/gardarr/internal/routes/api/v1/users	(cached)
?   	github.com/jfxdev/gardarr/internal/routes/api/v1/version	[no test files]
--- FAIL: TestGetWorkerVersion_StandaloneMode (0.00s)
panic: runtime error: invalid memory address or nil pointer dereference [recovered, repanicked]
[signal SIGSEGV: segmentation violation code=0x1 addr=0x0 pc=0x1084e9bbc]

goroutine 11 [running]:
testing.tRunner.func1.2({0x108767d60, 0x108ac3030})
	/usr/local/opt/go/libexec/src/testing/testing.go:1872 +0x237
testing.tRunner.func1()
	/usr/local/opt/go/libexec/src/testing/testing.go:1875 +0x35b
panic({0x108767d60?, 0x108ac3030?})
	/usr/local/opt/go/libexec/src/runtime/panic.go:783 +0x132
github.com/jfxdev/gardarr/internal/services/workermanager.(*Service).fetchWorker(0x0, {0x108670103?, 0x0?})
	/Users/jfxdev/Documents/workspace/apps/backend/gardarr/backend/internal/services/workermanager/utils.go:19 +0x7c
github.com/jfxdev/gardarr/internal/services/workermanager.(*Service).GetWorkerVersion(0x0, {0x13?, 0xc000406598?}, {0x108670103?, 0xc000406598?})
	/Users/jfxdev/Documents/workspace/apps/backend/gardarr/backend/internal/services/workermanager/service.go:618 +0x27
github.com/jfxdev/gardarr/internal/routes/api/v1/workers.(*Module).getWorkerVersion(0xc0004da138, 0xc00026e500)
	/Users/jfxdev/Documents/workspace/apps/backend/gardarr/backend/internal/routes/api/v1/workers/worker_routes.go:496 +0xfe
github.com/gin-gonic/gin.(*Context).Next(...)
	/Users/jfxdev/go/pkg/mod/github.com/gin-gonic/gin@v1.10.0/context.go:185
github.com/gin-gonic/gin.(*Engine).handleHTTPRequest(0xc0004dcb60, 0xc00026e500)
	/Users/jfxdev/go/pkg/mod/github.com/gin-gonic/gin@v1.10.0/gin.go:633 +0x94b
github.com/gin-gonic/gin.(*Engine).ServeHTTP(0xc0004dcb60, {0x1087f9988, 0xc00012da40}, 0xc0002063c0)
	/Users/jfxdev/go/pkg/mod/github.com/gin-gonic/gin@v1.10.0/gin.go:589 +0x1ad
github.com/jfxdev/gardarr/internal/routes/api/v1/workers.TestGetWorkerVersion_StandaloneMode(0xc000439340)
	/Users/jfxdev/Documents/workspace/apps/backend/gardarr/backend/internal/routes/api/v1/workers/worker_routes_test.go:31 +0x1ce
testing.tRunner(0xc000439340, 0x1087f2860)
	/usr/local/opt/go/libexec/src/testing/testing.go:1934 +0xea
created by testing.(*T).Run in goroutine 1
	/usr/local/opt/go/libexec/src/testing/testing.go:1997 +0x465
FAIL	github.com/jfxdev/gardarr/internal/routes/api/v1/workers	0.709s
?   	github.com/jfxdev/gardarr/internal/routes/metrics	[no test files]
?   	github.com/jfxdev/gardarr/internal/routes/worker/v1	[no test files]
?   	github.com/jfxdev/gardarr/internal/routes/worker/v1/health	[no test files]
?   	github.com/jfxdev/gardarr/internal/routes/worker/v1/instance	[no test files]
?   	github.com/jfxdev/gardarr/internal/routes/worker/v1/tasks	[no test files]
?   	github.com/jfxdev/gardarr/internal/routes/worker/v1/version	[no test files]
?   	github.com/jfxdev/gardarr/internal/schemas	[no test files]
ok  	github.com/jfxdev/gardarr/internal/services/auth	(cached)
ok  	github.com/jfxdev/gardarr/internal/services/category	(cached)
ok  	github.com/jfxdev/gardarr/internal/services/crypto	(cached)
?   	github.com/jfxdev/gardarr/internal/services/eventpoller	[no test files]
ok  	github.com/jfxdev/gardarr/internal/services/events	(cached)
ok  	github.com/jfxdev/gardarr/internal/services/instance/worker	(cached)
ok  	github.com/jfxdev/gardarr/internal/services/integration	(cached)
ok  	github.com/jfxdev/gardarr/internal/services/integration/webhook	(cached)
?   	github.com/jfxdev/gardarr/internal/services/metrics	[no test files]
ok  	github.com/jfxdev/gardarr/internal/services/ratelimit	(cached)
ok  	github.com/jfxdev/gardarr/internal/services/session	(cached)
?   	github.com/jfxdev/gardarr/internal/services/settings	[no test files]
?   	github.com/jfxdev/gardarr/internal/services/setup	[no test files]
ok  	github.com/jfxdev/gardarr/internal/services/task/worker	(cached)
ok  	github.com/jfxdev/gardarr/internal/services/task_metadata	(cached)
ok  	github.com/jfxdev/gardarr/internal/services/user	(cached)
ok  	github.com/jfxdev/gardarr/internal/services/workermanager	(cached)
?   	github.com/jfxdev/gardarr/internal/workercheck	[no test files]
?   	github.com/jfxdev/gardarr/pkg/env	[no test files]
ok  	github.com/jfxdev/gardarr/pkg/errors	(cached)
ok  	github.com/jfxdev/gardarr/pkg/filters	(cached)
ok  	github.com/jfxdev/gardarr/pkg/gen	(cached)
ok  	github.com/jfxdev/gardarr/pkg/logger	(cached)
ok  	github.com/jfxdev/gardarr/pkg/validations	(cached)
?   	github.com/jfxdev/gardarr/pkg/version	[no test files]
FAIL
